// Jest Snapshot v1, https://goo.gl/fbAQLP

exports[`Testes do formulário Snapshot 1`] = `
<form
  className="sc-bwzfXH bRcjrU classes.root"
  onSubmit={[Function]}
>
  <input
    className="sc-htpNat dJGdEm"
    name="text"
    onChange={[Function]}
    placeholder="Nova Tarefa"
    required={true}
  />
  <select
    name="day"
    onChange={[Function]}
  >
    <option
      value=""
    >
      Selecione um dia
    </option>
    <option>
      Segunda
    </option>
    <option>
      Terça
    </option>
    <option>
      Quarta
    </option>
    <option>
      Quinta
    </option>
    <option>
      Sexta
    </option>
    <option>
      Sábado
    </option>
    <option>
      Domingo
    </option>
  </select>
  <button
    className="sc-bdVaJa edZuZW"
    type="submit"
  >
    Salvar
  </button>
</form>
`;
